SQL> show user;
USER is "ANGEL"
SQL> conn angel/angel;
Connected.
SQL> conn /as sysdba;
Connected.
SQL> Revoke dba from angel;

Revoke succeeded.

SQL> conn angel/angel;
ERROR:
ORA-01045: user ANGEL lacks CREATE SESSION privilege; logon denied


Warning: You are no longer connected to ORACLE.
SQL>